
> bpos@0.1.0 repair-orders
> tsx src/scripts/repair-orders.ts --providers=grab --days=90

[repair-orders] failed MongooseServerSelectionError: connect ECONNREFUSED ::1:27017, connect ECONNREFUSED 127.0.0.1:27017
    at _handleConnectionErrors (C:\Users\Admin\Desktop\bpos\node_modules\mongoose\lib\connection.js:1169:11)
    at NativeConnection.openUri (C:\Users\Admin\Desktop\bpos\node_modules\mongoose\lib\connection.js:1100:11)
    at async connectDB (C:\Users\Admin\Desktop\bpos\src\lib\db.ts:31:19)
    at async main (C:\Users\Admin\Desktop\bpos\src\scripts\repair-orders.ts:25:3) {
  errorLabelSet: Set(0) {},
  reason: TopologyDescription {
    type: 'Unknown',
    servers: Map(1) { 'localhost:27017' => [ServerDescription] },
    stale: false,
    compatible: true,
    heartbeatFrequencyMS: 10000,
    localThresholdMS: 15,
    setName: null,
    maxElectionId: null,
    maxSetVersion: null,
    commonWireVersion: 0,
    logicalSessionTimeoutMinutes: null
  },
  code: undefined,
  cause: TopologyDescription {
    type: 'Unknown',
    servers: Map(1) { 'localhost:27017' => [ServerDescription] },
    stale: false,
    compatible: true,
    heartbeatFrequencyMS: 10000,
    localThresholdMS: 15,
    setName: null,
    maxElectionId: null,
    maxSetVersion: null,
    commonWireVersion: 0,
    logicalSessionTimeoutMinutes: null
  }
}
